
  ParamsSkipSuite
    âœ“ not skipped
    - skipped

  1 passing
  1 pending
