
  FlakyMethodDecorator
    1) tryOnce
    ✓ tryTwice
    ✓ tryTrice

  FlakySuiteDecorator
    ✓ tryToGetPass2
    2) tryToGetPass4
    ✓ overrideSuiteRetries

  4 passing
  2 failing

  1) FlakyMethodDecorator
       tryOnce:

      AssertionError: expected 2 to be above 2

  2) FlakySuiteDecorator
       tryToGetPass4:

      AssertionError: expected 4 to be above 4
